// Vitest Snapshot v1, https://vitest.dev/guide/snapshot.html

exports[`buildColumnRegistry's full column list > is unchanged 1`] = `
[
  {
    "defaultVisible": false,
    "groupPath": [
      "Profile",
      "Registration Details",
    ],
    "key": "te.attribute.firstName01",
    "label": "First name",
    "optionSetId": undefined,
    "pivot": {
      "canUseAsDimension": true,
      "canUseAsMeasure": false,
      "canUseForDistinctCount": true,
    },
    "source": "trackedEntity",
    "sourceFieldId": "firstName01",
    "valueKind": "string",
  },
  {
    "defaultVisible": false,
    "groupPath": [
      "Visit",
      "Triage",
    ],
    "key": "parentEvent.dataValue.weightuid01",
    "label": "Weight",
    "optionSetId": undefined,
    "pivot": {
      "canUseAsDimension": true,
      "canUseAsMeasure": true,
      "canUseForDistinctCount": true,
    },
    "source": "parentEvent",
    "sourceFieldId": "weightuid01",
    "valueKind": "number",
  },
  {
    "chooserKey": "childEvent.followup001.event",
    "chooserLabel": "Event ID",
    "defaultVisible": false,
    "groupPath": [
      "Follow Up",
      "System",
    ],
    "key": "childEvent.followup001.1.event",
    "label": "Event ID (1)",
    "pivot": {
      "canUseAsDimension": true,
      "canUseAsMeasure": false,
      "canUseForDistinctCount": true,
    },
    "source": "childEvent",
    "sourceFieldId": "event",
    "valueKind": "string",
  },
  {
    "chooserKey": "childEvent.followup001.dataValue.followup001",
    "chooserLabel": "Follow up result",
    "defaultVisible": false,
    "groupPath": [
      "Follow Up",
      "Outcome",
    ],
    "key": "childEvent.followup001.1.dataValue.followup001",
    "label": "Follow up result (1)",
    "optionSetId": undefined,
    "pivot": {
      "canUseAsDimension": true,
      "canUseAsMeasure": false,
      "canUseForDistinctCount": true,
    },
    "source": "childEvent",
    "sourceFieldId": "followup001",
    "valueKind": "string",
  },
  {
    "chooserKey": "childEvent.followup001.event",
    "chooserLabel": "Event ID",
    "defaultVisible": false,
    "groupPath": [
      "Follow Up",
      "System",
    ],
    "key": "childEvent.followup001.2.event",
    "label": "Event ID (2)",
    "pivot": {
      "canUseAsDimension": true,
      "canUseAsMeasure": false,
      "canUseForDistinctCount": true,
    },
    "source": "childEvent",
    "sourceFieldId": "event",
    "valueKind": "string",
  },
  {
    "chooserKey": "childEvent.followup001.dataValue.followup001",
    "chooserLabel": "Follow up result",
    "defaultVisible": false,
    "groupPath": [
      "Follow Up",
      "Outcome",
    ],
    "key": "childEvent.followup001.2.dataValue.followup001",
    "label": "Follow up result (2)",
    "optionSetId": undefined,
    "pivot": {
      "canUseAsDimension": true,
      "canUseAsMeasure": false,
      "canUseForDistinctCount": true,
    },
    "source": "childEvent",
    "sourceFieldId": "followup001",
    "valueKind": "string",
  },
  {
    "defaultVisible": false,
    "groupPath": [
      "Visit",
      "System",
    ],
    "key": "linkedParent.visit000001.event",
    "label": "Event ID",
    "pivot": {
      "canUseAsDimension": true,
      "canUseAsMeasure": false,
      "canUseForDistinctCount": true,
    },
    "source": "parentEvent",
    "sourceFieldId": "event",
    "valueKind": "string",
  },
  {
    "defaultVisible": false,
    "groupPath": [
      "Visit",
      "Triage",
    ],
    "key": "linkedParent.visit000001.dataValue.weightuid01",
    "label": "Weight",
    "optionSetId": undefined,
    "pivot": {
      "canUseAsDimension": true,
      "canUseAsMeasure": true,
      "canUseForDistinctCount": true,
    },
    "source": "parentEvent",
    "sourceFieldId": "weightuid01",
    "valueKind": "number",
  },
  {
    "defaultVisible": false,
    "groupPath": [
      "System IDs",
    ],
    "key": "trackedEntity.trackedEntity",
    "label": "Record ID",
    "pivot": {
      "canUseAsDimension": true,
      "canUseAsMeasure": false,
      "canUseForDistinctCount": true,
    },
    "source": "trackedEntity",
    "sourceFieldId": "trackedEntity",
    "valueKind": "string",
  },
  {
    "defaultVisible": false,
    "groupPath": [
      "System IDs",
    ],
    "key": "enrollment.enrollment",
    "label": "Enrollment ID",
    "pivot": {
      "canUseAsDimension": true,
      "canUseAsMeasure": false,
      "canUseForDistinctCount": true,
    },
    "source": "enrollment",
    "sourceFieldId": "enrollment",
    "valueKind": "string",
  },
  {
    "defaultVisible": false,
    "groupPath": [
      "System IDs",
    ],
    "key": "parentEvent.event",
    "label": "Event ID",
    "pivot": {
      "canUseAsDimension": true,
      "canUseAsMeasure": false,
      "canUseForDistinctCount": true,
    },
    "source": "parentEvent",
    "sourceFieldId": "event",
    "valueKind": "string",
  },
  {
    "defaultVisible": false,
    "groupPath": [
      "Profile",
      "System",
    ],
    "key": "trackedEntity.trackedEntityType",
    "label": "trackedEntityType",
    "pivot": {
      "canUseAsDimension": true,
      "canUseAsMeasure": false,
      "canUseForDistinctCount": true,
    },
    "source": "trackedEntity",
    "sourceFieldId": "trackedEntityType",
    "valueKind": "string",
  },
  {
    "defaultVisible": false,
    "groupPath": [
      "Profile",
      "System",
    ],
    "key": "trackedEntity.orgUnit",
    "label": "orgUnit",
    "pivot": {
      "canUseAsDimension": true,
      "canUseAsMeasure": false,
      "canUseForDistinctCount": true,
    },
    "source": "trackedEntity",
    "sourceFieldId": "orgUnit",
    "valueKind": "string",
  },
  {
    "defaultVisible": false,
    "groupPath": [
      "Profile",
      "System",
    ],
    "key": "trackedEntity.syncStatus",
    "label": "syncStatus",
    "pivot": {
      "canUseAsDimension": true,
      "canUseAsMeasure": false,
      "canUseForDistinctCount": true,
    },
    "source": "trackedEntity",
    "sourceFieldId": "syncStatus",
    "valueKind": "string",
  },
  {
    "defaultVisible": false,
    "groupPath": [
      "Profile",
      "System",
    ],
    "key": "trackedEntity.createdAt",
    "label": "createdAt",
    "pivot": {
      "canUseAsDimension": true,
      "canUseAsMeasure": false,
      "canUseForDistinctCount": true,
    },
    "source": "trackedEntity",
    "sourceFieldId": "createdAt",
    "valueKind": "datetime",
  },
  {
    "defaultVisible": false,
    "groupPath": [
      "Profile",
      "System",
    ],
    "key": "trackedEntity.updatedAt",
    "label": "updatedAt",
    "pivot": {
      "canUseAsDimension": true,
      "canUseAsMeasure": false,
      "canUseForDistinctCount": true,
    },
    "source": "trackedEntity",
    "sourceFieldId": "updatedAt",
    "valueKind": "datetime",
  },
  {
    "defaultVisible": false,
    "groupPath": [
      "Profile",
      "System",
    ],
    "key": "trackedEntity.createdBy",
    "label": "Created By",
    "pivot": {
      "canUseAsDimension": true,
      "canUseAsMeasure": false,
      "canUseForDistinctCount": true,
    },
    "source": "trackedEntity",
    "sourceFieldId": "createdBy",
    "valueKind": "string",
  },
  {
    "defaultVisible": false,
    "groupPath": [
      "Profile",
      "System",
    ],
    "key": "trackedEntity.updatedBy",
    "label": "Last Updated By",
    "pivot": {
      "canUseAsDimension": true,
      "canUseAsMeasure": false,
      "canUseForDistinctCount": true,
    },
    "source": "trackedEntity",
    "sourceFieldId": "updatedBy",
    "valueKind": "string",
  },
  {
    "defaultVisible": false,
    "groupPath": [
      "Enrollment",
      "System",
    ],
    "key": "enrollment.program",
    "label": "program",
    "pivot": {
      "canUseAsDimension": true,
      "canUseAsMeasure": false,
      "canUseForDistinctCount": true,
    },
    "source": "enrollment",
    "sourceFieldId": "program",
    "valueKind": "string",
  },
  {
    "defaultVisible": false,
    "groupPath": [
      "Enrollment",
      "System",
    ],
    "key": "enrollment.trackedEntity",
    "label": "trackedEntity",
    "pivot": {
      "canUseAsDimension": true,
      "canUseAsMeasure": false,
      "canUseForDistinctCount": true,
    },
    "source": "enrollment",
    "sourceFieldId": "trackedEntity",
    "valueKind": "string",
  },
  {
    "defaultVisible": false,
    "groupPath": [
      "Enrollment",
      "System",
    ],
    "key": "enrollment.orgUnit",
    "label": "orgUnit",
    "pivot": {
      "canUseAsDimension": true,
      "canUseAsMeasure": false,
      "canUseForDistinctCount": true,
    },
    "source": "enrollment",
    "sourceFieldId": "orgUnit",
    "valueKind": "string",
  },
  {
    "defaultVisible": false,
    "groupPath": [
      "Enrollment",
      "System",
    ],
    "key": "enrollment.status",
    "label": "status",
    "pivot": {
      "canUseAsDimension": true,
      "canUseAsMeasure": false,
      "canUseForDistinctCount": true,
    },
    "source": "enrollment",
    "sourceFieldId": "status",
    "valueKind": "string",
  },
  {
    "defaultVisible": false,
    "groupPath": [
      "Enrollment",
      "System",
    ],
    "key": "enrollment.enrolledAt",
    "label": "enrolledAt",
    "pivot": {
      "canUseAsDimension": true,
      "canUseAsMeasure": false,
      "canUseForDistinctCount": true,
    },
    "source": "enrollment",
    "sourceFieldId": "enrolledAt",
    "valueKind": "datetime",
  },
  {
    "defaultVisible": false,
    "groupPath": [
      "Enrollment",
      "System",
    ],
    "key": "enrollment.occurredAt",
    "label": "occurredAt",
    "pivot": {
      "canUseAsDimension": true,
      "canUseAsMeasure": false,
      "canUseForDistinctCount": true,
    },
    "source": "enrollment",
    "sourceFieldId": "occurredAt",
    "valueKind": "datetime",
  },
  {
    "defaultVisible": false,
    "groupPath": [
      "Enrollment",
      "System",
    ],
    "key": "enrollment.syncStatus",
    "label": "syncStatus",
    "pivot": {
      "canUseAsDimension": true,
      "canUseAsMeasure": false,
      "canUseForDistinctCount": true,
    },
    "source": "enrollment",
    "sourceFieldId": "syncStatus",
    "valueKind": "string",
  },
  {
    "defaultVisible": false,
    "groupPath": [
      "Enrollment",
      "System",
    ],
    "key": "enrollment.createdAt",
    "label": "createdAt",
    "pivot": {
      "canUseAsDimension": true,
      "canUseAsMeasure": false,
      "canUseForDistinctCount": true,
    },
    "source": "enrollment",
    "sourceFieldId": "createdAt",
    "valueKind": "datetime",
  },
  {
    "defaultVisible": false,
    "groupPath": [
      "Enrollment",
      "System",
    ],
    "key": "enrollment.updatedAt",
    "label": "updatedAt",
    "pivot": {
      "canUseAsDimension": true,
      "canUseAsMeasure": false,
      "canUseForDistinctCount": true,
    },
    "source": "enrollment",
    "sourceFieldId": "updatedAt",
    "valueKind": "datetime",
  },
  {
    "defaultVisible": false,
    "groupPath": [
      "Enrollment",
      "System",
    ],
    "key": "enrollment.createdBy",
    "label": "Created By",
    "pivot": {
      "canUseAsDimension": true,
      "canUseAsMeasure": false,
      "canUseForDistinctCount": true,
    },
    "source": "enrollment",
    "sourceFieldId": "createdBy",
    "valueKind": "string",
  },
  {
    "defaultVisible": false,
    "groupPath": [
      "Enrollment",
      "System",
    ],
    "key": "enrollment.updatedBy",
    "label": "Last Updated By",
    "pivot": {
      "canUseAsDimension": true,
      "canUseAsMeasure": false,
      "canUseForDistinctCount": true,
    },
    "source": "enrollment",
    "sourceFieldId": "updatedBy",
    "valueKind": "string",
  },
  {
    "defaultVisible": false,
    "groupPath": [
      "Visit",
      "System",
    ],
    "key": "parentEvent.program",
    "label": "program",
    "pivot": {
      "canUseAsDimension": true,
      "canUseAsMeasure": false,
      "canUseForDistinctCount": true,
    },
    "source": "parentEvent",
    "sourceFieldId": "program",
    "valueKind": "string",
  },
  {
    "defaultVisible": false,
    "groupPath": [
      "Visit",
      "System",
    ],
    "key": "parentEvent.programStage",
    "label": "programStage",
    "pivot": {
      "canUseAsDimension": true,
      "canUseAsMeasure": false,
      "canUseForDistinctCount": true,
    },
    "source": "parentEvent",
    "sourceFieldId": "programStage",
    "valueKind": "string",
  },
  {
    "defaultVisible": false,
    "groupPath": [
      "Visit",
      "System",
    ],
    "key": "parentEvent.enrollment",
    "label": "enrollment",
    "pivot": {
      "canUseAsDimension": true,
      "canUseAsMeasure": false,
      "canUseForDistinctCount": true,
    },
    "source": "parentEvent",
    "sourceFieldId": "enrollment",
    "valueKind": "string",
  },
  {
    "defaultVisible": false,
    "groupPath": [
      "Visit",
      "System",
    ],
    "key": "parentEvent.trackedEntity",
    "label": "trackedEntity",
    "pivot": {
      "canUseAsDimension": true,
      "canUseAsMeasure": false,
      "canUseForDistinctCount": true,
    },
    "source": "parentEvent",
    "sourceFieldId": "trackedEntity",
    "valueKind": "string",
  },
  {
    "defaultVisible": false,
    "groupPath": [
      "Visit",
      "System",
    ],
    "key": "parentEvent.orgUnit",
    "label": "orgUnit",
    "pivot": {
      "canUseAsDimension": true,
      "canUseAsMeasure": false,
      "canUseForDistinctCount": true,
    },
    "source": "parentEvent",
    "sourceFieldId": "orgUnit",
    "valueKind": "string",
  },
  {
    "defaultVisible": false,
    "groupPath": [
      "Visit",
      "System",
    ],
    "key": "parentEvent.status",
    "label": "status",
    "pivot": {
      "canUseAsDimension": true,
      "canUseAsMeasure": false,
      "canUseForDistinctCount": true,
    },
    "source": "parentEvent",
    "sourceFieldId": "status",
    "valueKind": "string",
  },
  {
    "defaultVisible": false,
    "groupPath": [
      "Visit",
      "System",
    ],
    "key": "parentEvent.occurredAt",
    "label": "Report Date",
    "pivot": {
      "canUseAsDimension": true,
      "canUseAsMeasure": false,
      "canUseForDistinctCount": true,
    },
    "source": "parentEvent",
    "sourceFieldId": "occurredAt",
    "valueKind": "datetime",
  },
  {
    "defaultVisible": false,
    "groupPath": [
      "Visit",
      "System",
    ],
    "key": "parentEvent.syncStatus",
    "label": "syncStatus",
    "pivot": {
      "canUseAsDimension": true,
      "canUseAsMeasure": false,
      "canUseForDistinctCount": true,
    },
    "source": "parentEvent",
    "sourceFieldId": "syncStatus",
    "valueKind": "string",
  },
  {
    "defaultVisible": false,
    "groupPath": [
      "Visit",
      "System",
    ],
    "key": "parentEvent.createdAt",
    "label": "createdAt",
    "pivot": {
      "canUseAsDimension": true,
      "canUseAsMeasure": false,
      "canUseForDistinctCount": true,
    },
    "source": "parentEvent",
    "sourceFieldId": "createdAt",
    "valueKind": "datetime",
  },
  {
    "defaultVisible": false,
    "groupPath": [
      "Visit",
      "System",
    ],
    "key": "parentEvent.updatedAt",
    "label": "updatedAt",
    "pivot": {
      "canUseAsDimension": true,
      "canUseAsMeasure": false,
      "canUseForDistinctCount": true,
    },
    "source": "parentEvent",
    "sourceFieldId": "updatedAt",
    "valueKind": "datetime",
  },
  {
    "defaultVisible": false,
    "groupPath": [
      "Visit",
      "System",
    ],
    "key": "parentEvent.createdBy",
    "label": "Created By",
    "pivot": {
      "canUseAsDimension": true,
      "canUseAsMeasure": false,
      "canUseForDistinctCount": true,
    },
    "source": "parentEvent",
    "sourceFieldId": "createdBy",
    "valueKind": "string",
  },
  {
    "defaultVisible": false,
    "groupPath": [
      "Visit",
      "System",
    ],
    "key": "parentEvent.updatedBy",
    "label": "Last Updated By",
    "pivot": {
      "canUseAsDimension": true,
      "canUseAsMeasure": false,
      "canUseForDistinctCount": true,
    },
    "source": "parentEvent",
    "sourceFieldId": "updatedBy",
    "valueKind": "string",
  },
  {
    "defaultVisible": false,
    "groupPath": [
      "Visit",
      "System",
    ],
    "key": "parentEvent.parentEvent",
    "label": "parentEvent",
    "pivot": {
      "canUseAsDimension": true,
      "canUseAsMeasure": false,
      "canUseForDistinctCount": true,
    },
    "source": "parentEvent",
    "sourceFieldId": "parentEvent",
    "valueKind": "string",
  },
]
`;
